swift runtime: backtrace-on-crash is not supported for privileged executables.
swift runtime: backtrace-on-crash is not supported for privileged executables.
swift runtime: backtrace-on-crash is not supported for privileged executables.
swift runtime: backtrace-on-crash is not supported for privileged executables.
swift runtime: backtrace-on-crash is not supported for privileged executables.
swift runtime: backtrace-on-crash is not supported for privileged executables.
swift runtime: backtrace-on-crash is not supported for privileged executables.
swift runtime: backtrace-on-crash is not supported for privileged executables.
swift runtime: backtrace-on-crash is not supported for privileged executables.
warning: 'macos': swift runtime: backtrace-on-crash is not supported for privileged executables.
swift runtime: backtrace-on-crash is not supported for privileged executables.
swift runtime: backtrace-on-crash is not supported for privileged executables.
swift runtime: backtrace-on-crash is not supported for privileged executables.swift runtime: backtrace-on-crash is not supported for privileged executables.
warning: 'peekaboo': swift runtime: backtrace-on-crash is not supported for privileged executables.
swift runtime: backtrace-on-crash is not supported for privileged executables.
swift runtime: backtrace-on-crash is not supported for privileged executables.
swift runtime: backtrace-on-crash is not supported for privileged executables.swift runtime: backtrace-on-crash is not supported for privileged executables.
warning: 'swabble': swift runtime: backtrace-on-crash is not supported for privileged executables.
swift runtime: backtrace-on-crash is not supported for privileged executables.
swift runtime: backtrace-on-crash is not supported for privileged executables.
swift runtime: backtrace-on-crash is not supported for privileged executables.swift runtime: backtrace-on-crash is not supported for privileged executables.
warning: 'sparkle': swift runtime: backtrace-on-crash is not supported for privileged executables.
swift runtime: backtrace-on-crash is not supported for privileged executables.
swift runtime: backtrace-on-crash is not supported for privileged executables.
swift runtime: backtrace-on-crash is not supported for privileged executables.swift runtime: backtrace-on-crash is not supported for privileged executables.
warning: 'swift-log': swift runtime: backtrace-on-crash is not supported for privileged executables.
swift runtime: backtrace-on-crash is not supported for privileged executables.
swift runtime: backtrace-on-crash is not supported for privileged executables.
swift runtime: backtrace-on-crash is not supported for privileged executables.swift runtime: backtrace-on-crash is not supported for privileged executables.
warning: 'openclawkit': swift runtime: backtrace-on-crash is not supported for privileged executables.
swift runtime: backtrace-on-crash is not supported for privileged executables.
swift runtime: backtrace-on-crash is not supported for privileged executables.
swift runtime: backtrace-on-crash is not supported for privileged executables.swift runtime: backtrace-on-crash is not supported for privileged executables.
warning: 'keyboardshortcuts': swift runtime: backtrace-on-crash is not supported for privileged executables.
swift runtime: backtrace-on-crash is not supported for privileged executables.
swift runtime: backtrace-on-crash is not supported for privileged executables.
swift runtime: backtrace-on-crash is not supported for privileged executables.swift runtime: backtrace-on-crash is not supported for privileged executables.
warning: 'openclawmlxttsprotocol': swift runtime: backtrace-on-crash is not supported for privileged executables.
swift runtime: backtrace-on-crash is not supported for privileged executables.
swift runtime: backtrace-on-crash is not supported for privileged executables.
swift runtime: backtrace-on-crash is not supported for privileged executables.swift runtime: backtrace-on-crash is not supported for privileged executables.
warning: 'swift-concurrency-extras': swift runtime: backtrace-on-crash is not supported for privileged executables.
swift runtime: backtrace-on-crash is not supported for privileged executables.
swift runtime: backtrace-on-crash is not supported for privileged executables.
swift runtime: backtrace-on-crash is not supported for privileged executables.swift runtime: backtrace-on-crash is not supported for privileged executables.
warning: 'swift-subprocess': swift runtime: backtrace-on-crash is not supported for privileged executables.
swift runtime: backtrace-on-crash is not supported for privileged executables.
swift runtime: backtrace-on-crash is not supported for privileged executables.
swift runtime: backtrace-on-crash is not supported for privileged executables.swift runtime: backtrace-on-crash is not supported for privileged executables.
warning: 'commander': swift runtime: backtrace-on-crash is not supported for privileged executables.
swift runtime: backtrace-on-crash is not supported for privileged executables.
swift runtime: backtrace-on-crash is not supported for privileged executables.
swift runtime: backtrace-on-crash is not supported for privileged executables.swift runtime: backtrace-on-crash is not supported for privileged executables.
warning: 'swift-markdown': swift runtime: backtrace-on-crash is not supported for privileged executables.
swift runtime: backtrace-on-crash is not supported for privileged executables.
swift runtime: backtrace-on-crash is not supported for privileged executables.
swift runtime: backtrace-on-crash is not supported for privileged executables.swift runtime: backtrace-on-crash is not supported for privileged executables.
warning: 'elevenlabskit': swift runtime: backtrace-on-crash is not supported for privileged executables.
swift runtime: backtrace-on-crash is not supported for privileged executables.
swift runtime: backtrace-on-crash is not supported for privileged executables.
swift runtime: backtrace-on-crash is not supported for privileged executables.swift runtime: backtrace-on-crash is not supported for privileged executables.
warning: 'swiftmath': swift runtime: backtrace-on-crash is not supported for privileged executables.
swift runtime: backtrace-on-crash is not supported for privileged executables.
swift runtime: backtrace-on-crash is not supported for privileged executables.
swift runtime: backtrace-on-crash is not supported for privileged executables.swift runtime: backtrace-on-crash is not supported for privileged executables.
warning: 'grdb.swift': swift runtime: backtrace-on-crash is not supported for privileged executables.
swift runtime: backtrace-on-crash is not supported for privileged executables.
swift runtime: backtrace-on-crash is not supported for privileged executables.
swift runtime: backtrace-on-crash is not supported for privileged executables.swift runtime: backtrace-on-crash is not supported for privileged executables.
warning: 'swift-cmark': swift runtime: backtrace-on-crash is not supported for privileged executables.
swift runtime: backtrace-on-crash is not supported for privileged executables.
swift runtime: backtrace-on-crash is not supported for privileged executables.
swift runtime: backtrace-on-crash is not supported for privileged executables.swift runtime: backtrace-on-crash is not supported for privileged executables.
warning: 'axorcist': swift runtime: backtrace-on-crash is not supported for privileged executables.
swift runtime: backtrace-on-crash is not supported for privileged executables.
swift runtime: backtrace-on-crash is not supported for privileged executables.
swift runtime: backtrace-on-crash is not supported for privileged executables.swift runtime: backtrace-on-crash is not supported for privileged executables.
warning: 'swift-algorithms': swift runtime: backtrace-on-crash is not supported for privileged executables.
swift runtime: backtrace-on-crash is not supported for privileged executables.
swift runtime: backtrace-on-crash is not supported for privileged executables.
swift runtime: backtrace-on-crash is not supported for privileged executables.swift runtime: backtrace-on-crash is not supported for privileged executables.
warning: 'swift-numerics': swift runtime: backtrace-on-crash is not supported for privileged executables.
swift runtime: backtrace-on-crash is not supported for privileged executables.
swift runtime: backtrace-on-crash is not supported for privileged executables.
swift runtime: backtrace-on-crash is not supported for privileged executables.swift runtime: backtrace-on-crash is not supported for privileged executables.
warning: 'swift-system': swift runtime: backtrace-on-crash is not supported for privileged executables.
swift runtime: backtrace-on-crash is not supported for privileged executables.
swift runtime: backtrace-on-crash is not supported for privileged executables.
swift runtime: backtrace-on-crash is not supported for privileged executables.swift runtime: backtrace-on-crash is not supported for privileged executables.
[0/1] Planning build
◇ Test run started.
↳ Testing Library Version: 2084
↳ Target Platform: arm64e-apple-macos14.0
◇ Suite QuickChatCatalogPresentationTests started.
◇ Test "rendered transcript recovers a missing reply from selected message invalidation" started.
◇ Test "rendered Quick Chat preserves catalog disclosure and shortcut behavior in order" started.
✔ Test "rendered transcript recovers a missing reply from selected message invalidation" passed after 0.815 seconds.
Before menu dispatch at OpenClawIPCTests/QuickChatCatalogPresentationTests.swift:55
node=ObjectIdentifier(0x0000007c68ff6b80) type=SwiftUI.AccessibilityNode role=Optional(__C.NSAccessibilityRole(_rawValue: AXButton))
identifier=quick-chat-composer title=nil label=Model value=Current fixture
enabled=Optional(true) frame=Optional((686.0, 639.0, 180.0, 30.0)) window=986 windowMatches=true
pressAllowed=Optional(true) showMenuAllowed=Optional(false) appRunning=true
Menu interaction at OpenClawIPCTests/QuickChatCatalogPresentationTests.swift:55
action=accessibility-press result=Optional(true)
observed=true inspected=true dismissed=true error=nil
control=SwiftUI.AccessibilityNode owner=nil role=Optional(__C.NSAccessibilityRole(_rawValue: AXButton)) appActive=true visible=true key=true
Before menu dispatch at OpenClawIPCTests/QuickChatCatalogPresentationTests.swift:74
node=ObjectIdentifier(0x0000007c68ff6b80) type=SwiftUI.AccessibilityNode role=Optional(__C.NSAccessibilityRole(_rawValue: AXButton))
identifier=quick-chat-composer title=nil label=Model value=Allowed fixture
enabled=Optional(true) frame=Optional((686.0, 627.0, 180.0, 30.0)) window=986 windowMatches=true
pressAllowed=Optional(true) showMenuAllowed=Optional(false) appRunning=true
Menu interaction at OpenClawIPCTests/QuickChatCatalogPresentationTests.swift:74
action=accessibility-press result=Optional(true)
observed=true inspected=true dismissed=true error=nil
control=SwiftUI.AccessibilityNode owner=nil role=Optional(__C.NSAccessibilityRole(_rawValue: AXButton)) appActive=true visible=true key=true
Before menu dispatch at OpenClawIPCTests/QuickChatCatalogPresentationTests.swift:120
node=ObjectIdentifier(0x0000007c68ff6b80) type=SwiftUI.AccessibilityNode role=Optional(__C.NSAccessibilityRole(_rawValue: AXButton))
identifier=quick-chat-composer title=nil label=Model value=Allowed fixture
enabled=Optional(true) frame=Optional((658.0, 627.0, 180.0, 30.0)) window=986 windowMatches=true
pressAllowed=Optional(true) showMenuAllowed=Optional(false) appRunning=true
Menu interaction at OpenClawIPCTests/QuickChatCatalogPresentationTests.swift:120
action=accessibility-press result=Optional(true)
observed=true inspected=true dismissed=true error=nil
control=SwiftUI.AccessibilityNode owner=nil role=Optional(__C.NSAccessibilityRole(_rawValue: AXButton)) appActive=true visible=true key=true
Before menu dispatch at OpenClawIPCTests/QuickChatPresentationTests.swift:175
node=ObjectIdentifier(0x0000007c684f55c0) type=SwiftUI.AccessibilityNode role=Optional(__C.NSAccessibilityRole(_rawValue: AXButton))
identifier=quick-chat-composer title=nil label=Continue a recent conversation value=nil
enabled=Optional(true) frame=Optional((447.0, 683.0, 28.0, 30.0)) window=995 windowMatches=true
pressAllowed=Optional(true) showMenuAllowed=Optional(false) appRunning=true
Menu interaction at OpenClawIPCTests/QuickChatPresentationTests.swift:175
action=accessibility-press result=Optional(true)
observed=true inspected=true dismissed=true error=nil
control=SwiftUI.AccessibilityNode owner=nil role=Optional(__C.NSAccessibilityRole(_rawValue: AXButton)) appActive=true visible=true key=true
Quick Chat shortcut precondition: appActive=false, yielded=true
Quick Chat presented: visible=true, active=true, key=true, editorReady=true
Quick Chat reopened: visible=true
Quick Chat disabled: visible=false, shortcutRegistered=false
Before menu dispatch at OpenClawIPCTests/QuickChatCatalogPresentationTests.swift:166
node=ObjectIdentifier(0x0000007c684f4600) type=SwiftUI.AccessibilityNode role=Optional(__C.NSAccessibilityRole(_rawValue: AXButton))
identifier=quick-chat-composer title=nil label=Model value=Primary fixture
enabled=Optional(true) frame=Optional((770.0, 683.0, 180.0, 30.0)) window=1001 windowMatches=true
pressAllowed=Optional(true) showMenuAllowed=Optional(false) appRunning=true
Menu interaction at OpenClawIPCTests/QuickChatCatalogPresentationTests.swift:166
action=accessibility-press result=Optional(true)
observed=true inspected=true dismissed=true error=nil
control=SwiftUI.AccessibilityNode owner=nil role=Optional(__C.NSAccessibilityRole(_rawValue: AXButton)) appActive=true visible=true key=true
Before menu dispatch at OpenClawIPCTests/QuickChatCatalogPresentationTests.swift:187
node=ObjectIdentifier(0x0000007c684f4600) type=SwiftUI.AccessibilityNode role=Optional(__C.NSAccessibilityRole(_rawValue: AXButton))
identifier=quick-chat-composer title=nil label=Model value=Session default
enabled=Optional(true) frame=Optional((770.0, 683.0, 180.0, 30.0)) window=1001 windowMatches=true
pressAllowed=Optional(true) showMenuAllowed=Optional(false) appRunning=true
Menu interaction at OpenClawIPCTests/QuickChatCatalogPresentationTests.swift:187
action=accessibility-press result=Optional(true)
observed=true inspected=true dismissed=true error=nil
control=SwiftUI.AccessibilityNode owner=nil role=Optional(__C.NSAccessibilityRole(_rawValue: AXButton)) appActive=true visible=true key=true
Before menu dispatch at OpenClawIPCTests/QuickChatCatalogPresentationTests.swift:202
node=ObjectIdentifier(0x0000007c684f4600) type=SwiftUI.AccessibilityNode role=Optional(__C.NSAccessibilityRole(_rawValue: AXButton))
identifier=quick-chat-composer title=nil label=Model value=Session default
enabled=Optional(true) frame=Optional((770.0, 683.0, 180.0, 30.0)) window=1001 windowMatches=true
pressAllowed=Optional(true) showMenuAllowed=Optional(false) appRunning=true
Menu interaction at OpenClawIPCTests/QuickChatCatalogPresentationTests.swift:202
action=accessibility-press result=Optional(true)
observed=true inspected=true dismissed=true error=nil
control=SwiftUI.AccessibilityNode owner=nil role=Optional(__C.NSAccessibilityRole(_rawValue: AXButton)) appActive=true visible=true key=true
Before menu dispatch at OpenClawIPCTests/QuickChatCatalogPresentationTests.swift:216
node=ObjectIdentifier(0x0000007c684f4600) type=SwiftUI.AccessibilityNode role=Optional(__C.NSAccessibilityRole(_rawValue: AXButton))
identifier=quick-chat-composer title=nil label=Model value=Session default
enabled=Optional(true) frame=Optional((770.0, 683.0, 180.0, 30.0)) window=1001 windowMatches=true
pressAllowed=Optional(true) showMenuAllowed=Optional(false) appRunning=true
Menu interaction at OpenClawIPCTests/QuickChatCatalogPresentationTests.swift:216
action=accessibility-press result=Optional(true)
observed=true inspected=true dismissed=true error=nil
control=SwiftUI.AccessibilityNode owner=nil role=Optional(__C.NSAccessibilityRole(_rawValue: AXButton)) appActive=true visible=true key=true
Before menu dispatch at OpenClawIPCTests/QuickChatCatalogPresentationTests.swift:230
node=ObjectIdentifier(0x0000007c684f4600) type=SwiftUI.AccessibilityNode role=Optional(__C.NSAccessibilityRole(_rawValue: AXButton))
identifier=quick-chat-composer title=nil label=Model value=Fallback fixture
enabled=Optional(true) frame=Optional((770.0, 653.7093707612948, 180.0, 30.0)) window=1001 windowMatches=true
pressAllowed=Optional(true) showMenuAllowed=Optional(false) appRunning=true
Menu interaction at OpenClawIPCTests/QuickChatCatalogPresentationTests.swift:230
action=accessibility-press result=Optional(true)
observed=true inspected=true dismissed=true error=nil
control=SwiftUI.AccessibilityNode owner=nil role=Optional(__C.NSAccessibilityRole(_rawValue: AXButton)) appActive=true visible=true key=true
✔ Test "rendered Quick Chat preserves catalog disclosure and shortcut behavior in order" passed after 5.298 seconds.
✔ Suite QuickChatCatalogPresentationTests passed after 5.299 seconds.
✔ Test run with 2 tests in 1 suite passed after 5.299 seconds.
warning: '--build-system native' has been deprecated and will be removed in a future release; please report an issue at https://github.com/swiftlang/swift-package-manager/issues if you are unable to adopt the default build system.
[macos-native] Synthetic menu capture artifacts: /Users/admin/proof/dashboard-run/runner-temp/openclaw-menu-default-RFWNQn
swift runtime: backtrace-on-crash is not supported for privileged executables.
