swift runtime: backtrace-on-crash is not supported for privileged executables.
swift runtime: backtrace-on-crash is not supported for privileged executables.
swift runtime: backtrace-on-crash is not supported for privileged executables.
swift runtime: backtrace-on-crash is not supported for privileged executables.
swift runtime: backtrace-on-crash is not supported for privileged executables.
swift runtime: backtrace-on-crash is not supported for privileged executables.
swift runtime: backtrace-on-crash is not supported for privileged executables.
swift runtime: backtrace-on-crash is not supported for privileged executables.
swift runtime: backtrace-on-crash is not supported for privileged executables.
warning: 'macos': swift runtime: backtrace-on-crash is not supported for privileged executables.
swift runtime: backtrace-on-crash is not supported for privileged executables.
swift runtime: backtrace-on-crash is not supported for privileged executables.
swift runtime: backtrace-on-crash is not supported for privileged executables.swift runtime: backtrace-on-crash is not supported for privileged executables.
warning: 'openclawmlxttsprotocol': swift runtime: backtrace-on-crash is not supported for privileged executables.
swift runtime: backtrace-on-crash is not supported for privileged executables.
swift runtime: backtrace-on-crash is not supported for privileged executables.
swift runtime: backtrace-on-crash is not supported for privileged executables.swift runtime: backtrace-on-crash is not supported for privileged executables.
warning: 'sparkle': swift runtime: backtrace-on-crash is not supported for privileged executables.
swift runtime: backtrace-on-crash is not supported for privileged executables.
swift runtime: backtrace-on-crash is not supported for privileged executables.
swift runtime: backtrace-on-crash is not supported for privileged executables.swift runtime: backtrace-on-crash is not supported for privileged executables.
warning: 'openclawkit': swift runtime: backtrace-on-crash is not supported for privileged executables.
swift runtime: backtrace-on-crash is not supported for privileged executables.
swift runtime: backtrace-on-crash is not supported for privileged executables.
swift runtime: backtrace-on-crash is not supported for privileged executables.swift runtime: backtrace-on-crash is not supported for privileged executables.
warning: 'swift-concurrency-extras': swift runtime: backtrace-on-crash is not supported for privileged executables.
swift runtime: backtrace-on-crash is not supported for privileged executables.
swift runtime: backtrace-on-crash is not supported for privileged executables.
swift runtime: backtrace-on-crash is not supported for privileged executables.swift runtime: backtrace-on-crash is not supported for privileged executables.
warning: 'keyboardshortcuts': swift runtime: backtrace-on-crash is not supported for privileged executables.
swift runtime: backtrace-on-crash is not supported for privileged executables.
swift runtime: backtrace-on-crash is not supported for privileged executables.
swift runtime: backtrace-on-crash is not supported for privileged executables.swift runtime: backtrace-on-crash is not supported for privileged executables.
warning: 'swift-log': swift runtime: backtrace-on-crash is not supported for privileged executables.
swift runtime: backtrace-on-crash is not supported for privileged executables.
swift runtime: backtrace-on-crash is not supported for privileged executables.
swift runtime: backtrace-on-crash is not supported for privileged executables.swift runtime: backtrace-on-crash is not supported for privileged executables.
warning: 'swift-subprocess': swift runtime: backtrace-on-crash is not supported for privileged executables.
swift runtime: backtrace-on-crash is not supported for privileged executables.
swift runtime: backtrace-on-crash is not supported for privileged executables.
swift runtime: backtrace-on-crash is not supported for privileged executables.swift runtime: backtrace-on-crash is not supported for privileged executables.
warning: 'peekaboo': swift runtime: backtrace-on-crash is not supported for privileged executables.
swift runtime: backtrace-on-crash is not supported for privileged executables.
swift runtime: backtrace-on-crash is not supported for privileged executables.
swift runtime: backtrace-on-crash is not supported for privileged executables.swift runtime: backtrace-on-crash is not supported for privileged executables.
warning: 'swabble': swift runtime: backtrace-on-crash is not supported for privileged executables.
swift runtime: backtrace-on-crash is not supported for privileged executables.
swift runtime: backtrace-on-crash is not supported for privileged executables.
swift runtime: backtrace-on-crash is not supported for privileged executables.swift runtime: backtrace-on-crash is not supported for privileged executables.
warning: 'commander': swift runtime: backtrace-on-crash is not supported for privileged executables.
swift runtime: backtrace-on-crash is not supported for privileged executables.
swift runtime: backtrace-on-crash is not supported for privileged executables.
swift runtime: backtrace-on-crash is not supported for privileged executables.swift runtime: backtrace-on-crash is not supported for privileged executables.
warning: 'swift-markdown': swift runtime: backtrace-on-crash is not supported for privileged executables.
swift runtime: backtrace-on-crash is not supported for privileged executables.
swift runtime: backtrace-on-crash is not supported for privileged executables.
swift runtime: backtrace-on-crash is not supported for privileged executables.swift runtime: backtrace-on-crash is not supported for privileged executables.
warning: 'swiftmath': swift runtime: backtrace-on-crash is not supported for privileged executables.
swift runtime: backtrace-on-crash is not supported for privileged executables.
swift runtime: backtrace-on-crash is not supported for privileged executables.
swift runtime: backtrace-on-crash is not supported for privileged executables.swift runtime: backtrace-on-crash is not supported for privileged executables.
warning: 'elevenlabskit': swift runtime: backtrace-on-crash is not supported for privileged executables.
swift runtime: backtrace-on-crash is not supported for privileged executables.
swift runtime: backtrace-on-crash is not supported for privileged executables.
swift runtime: backtrace-on-crash is not supported for privileged executables.swift runtime: backtrace-on-crash is not supported for privileged executables.
warning: 'grdb.swift': swift runtime: backtrace-on-crash is not supported for privileged executables.
swift runtime: backtrace-on-crash is not supported for privileged executables.
swift runtime: backtrace-on-crash is not supported for privileged executables.
swift runtime: backtrace-on-crash is not supported for privileged executables.swift runtime: backtrace-on-crash is not supported for privileged executables.
warning: 'swift-cmark': swift runtime: backtrace-on-crash is not supported for privileged executables.
swift runtime: backtrace-on-crash is not supported for privileged executables.
swift runtime: backtrace-on-crash is not supported for privileged executables.
swift runtime: backtrace-on-crash is not supported for privileged executables.swift runtime: backtrace-on-crash is not supported for privileged executables.
warning: 'swift-algorithms': swift runtime: backtrace-on-crash is not supported for privileged executables.
swift runtime: backtrace-on-crash is not supported for privileged executables.
swift runtime: backtrace-on-crash is not supported for privileged executables.
swift runtime: backtrace-on-crash is not supported for privileged executables.swift runtime: backtrace-on-crash is not supported for privileged executables.
warning: 'axorcist': swift runtime: backtrace-on-crash is not supported for privileged executables.
swift runtime: backtrace-on-crash is not supported for privileged executables.
swift runtime: backtrace-on-crash is not supported for privileged executables.
swift runtime: backtrace-on-crash is not supported for privileged executables.swift runtime: backtrace-on-crash is not supported for privileged executables.
warning: 'swift-numerics': swift runtime: backtrace-on-crash is not supported for privileged executables.
swift runtime: backtrace-on-crash is not supported for privileged executables.
swift runtime: backtrace-on-crash is not supported for privileged executables.
swift runtime: backtrace-on-crash is not supported for privileged executables.swift runtime: backtrace-on-crash is not supported for privileged executables.
warning: 'swift-system': swift runtime: backtrace-on-crash is not supported for privileged executables.
swift runtime: backtrace-on-crash is not supported for privileged executables.
swift runtime: backtrace-on-crash is not supported for privileged executables.
swift runtime: backtrace-on-crash is not supported for privileged executables.swift runtime: backtrace-on-crash is not supported for privileged executables.
[0/1] Planning build
◇ Test run started.
↳ Testing Library Version: 2084
↳ Target Platform: arm64e-apple-macos14.0
◇ Suite AppStateIsolationTests started.
◇ Suite ProfileChatPreferencesTests started.
◇ Test "operator repin before Node rollback dispatch is preserved, not overwritten" started.
◇ Test "automatic recovery preserves a named profile port ownership failure" started.
◇ Test "pre-seed probe failure restores absent Node only while its original custody remains" started.
◇ Test "managed Node Retry cannot adopt Resume intent after Stop during startup drain" started.
◇ Test "config fixture cleans audit after throwing body" started.
◇ Test "explicit named rollback Retry reaches real candidate admission" started.
◇ Test "canonical receipt repair preserves wrapper authority through actual dispatch" started.
◇ Test "named profile startup failure without a listener keeps its own reason" started.
◇ Test "named profile hosting repair requires restart before activation" started.
◇ Test "named remote profile stop leaves other profiles' Gateway services alone" started.
◇ Test "preview constructor uses launch namespace and owned config" started.
◇ Test "managed Node Retry preserves Stop while its installed candidate version probe finishes" started.
◇ Test "full chat preferences belong to named profile" started.
◇ Test case passing 1 argument layout → "service-index" to "explicit named rollback Retry reaches real candidate admission" started.
◇ Test case passing 1 argument layout → "different-package" to "explicit named rollback Retry reaches real candidate admission" started.
◇ Test case passing 1 argument layout → "same-entry" to "explicit named rollback Retry reaches real candidate admission" started.
✔ Test "operator repin before Node rollback dispatch is preserved, not overwritten" passed after 0.062 seconds.
✔ Test "automatic recovery preserves a named profile port ownership failure" passed after 0.078 seconds.
◇ Test case passing 1 argument ownershipChange → "unchanged" to "pre-seed probe failure restores absent Node only while its original custody remains" started.
✔ Test "managed Node Retry cannot adopt Resume intent after Stop during startup drain" passed after 0.081 seconds.
◇ Test case passing 1 argument ownershipChange → "definition" to "pre-seed probe failure restores absent Node only while its original custody remains" started.
✔ Test "named profile startup failure without a listener keeps its own reason" passed after 8.468 seconds.
◇ Test case passing 1 argument ownershipChange → "attach-only" to "pre-seed probe failure restores absent Node only while its original custody remains" started.
✔ Test "config fixture cleans audit after throwing body" passed after 8.473 seconds.
◇ Test case passing 1 argument scenario → "unchanged" to "canonical receipt repair preserves wrapper authority through actual dispatch" started.
◇ Test case passing 1 argument ownershipChange → "missing-installer" to "pre-seed probe failure restores absent Node only while its original custody remains" started.
✔ Test "explicit named rollback Retry reaches real candidate admission" with 3 test cases passed after 8.515 seconds.
✔ Test "named profile hosting repair requires restart before activation" passed after 8.523 seconds.
◇ Test case passing 1 argument scenario → "nil-policy" to "canonical receipt repair preserves wrapper authority through actual dispatch" started.
✔ Test "named remote profile stop leaves other profiles' Gateway services alone" passed after 8.525 seconds.
◇ Test case passing 1 argument scenario → "absent-wrapper" to "canonical receipt repair preserves wrapper authority through actual dispatch" started.
◇ Test case passing 1 argument scenario → "late-wrapper" to "canonical receipt repair preserves wrapper authority through actual dispatch" started.
◇ Test case passing 1 argument scenario → "late-alias" to "canonical receipt repair preserves wrapper authority through actual dispatch" started.
◇ Test case passing 1 argument scenario → "remote-no-service" to "canonical receipt repair preserves wrapper authority through actual dispatch" started.
✔ Test "pre-seed probe failure restores absent Node only while its original custody remains" with 4 test cases passed after 8.651 seconds.
◇ Test case passing 1 argument scenario → "external-service" to "canonical receipt repair preserves wrapper authority through actual dispatch" started.
✔ Test "managed Node Retry preserves Stop while its installed candidate version probe finishes" passed after 8.683 seconds.
◇ Test case passing 1 argument scenario → "beta-policy" to "canonical receipt repair preserves wrapper authority through actual dispatch" started.
Before menu dispatch at OpenClawIPCTests/AppStateIsolationTests.swift:429
node=ObjectIdentifier(0x0000007c1699fd80) type=SwiftUI.AccessibilityNode role=Optional(__C.NSAccessibilityRole(_rawValue: AXMenuButton))
identifier=ellipsis.circle title=Thread label=nil value=nil
enabled=Optional(true) frame=Optional((1122.0, 836.0, 30.0, 28.0)) window=1013 windowMatches=true
pressAllowed=Optional(true) showMenuAllowed=Optional(false) appRunning=true
Menu interaction at OpenClawIPCTests/AppStateIsolationTests.swift:429
action=accessibility-press result=Optional(true)
observed=true inspected=true dismissed=true error=nil
control=SwiftUI.AccessibilityNode owner=nil role=Optional(__C.NSAccessibilityRole(_rawValue: AXMenuButton)) appActive=true visible=true key=true
Before menu dispatch at OpenClawIPCTests/AppStateIsolationTests.swift:526
node=ObjectIdentifier(0x0000007c1699fd80) type=SwiftUI.AccessibilityNode role=Optional(__C.NSAccessibilityRole(_rawValue: AXMenuButton))
identifier=ellipsis.circle title=Thread label=nil value=nil
enabled=Optional(true) frame=Optional((1122.0, 836.0, 30.0, 28.0)) window=1013 windowMatches=true
pressAllowed=Optional(true) showMenuAllowed=Optional(false) appRunning=true
Menu interaction at OpenClawIPCTests/AppStateIsolationTests.swift:526
action=accessibility-press result=Optional(true)
observed=true inspected=true dismissed=true error=nil
control=SwiftUI.AccessibilityNode owner=nil role=Optional(__C.NSAccessibilityRole(_rawValue: AXMenuButton)) appActive=true visible=true key=true
Before menu dispatch at OpenClawIPCTests/AppStateIsolationTests.swift:429
node=ObjectIdentifier(0x0000007c1699fd80) type=SwiftUI.AccessibilityNode role=Optional(__C.NSAccessibilityRole(_rawValue: AXMenuButton))
identifier=ellipsis.circle title=Thread label=nil value=nil
enabled=Optional(true) frame=Optional((1122.0, 836.0, 30.0, 28.0)) window=1013 windowMatches=true
pressAllowed=Optional(true) showMenuAllowed=Optional(false) appRunning=true
Menu interaction at OpenClawIPCTests/AppStateIsolationTests.swift:429
action=accessibility-press result=Optional(true)
observed=true inspected=true dismissed=true error=nil
control=SwiftUI.AccessibilityNode owner=nil role=Optional(__C.NSAccessibilityRole(_rawValue: AXMenuButton)) appActive=true visible=true key=true
Before menu dispatch at OpenClawIPCTests/AppStateIsolationTests.swift:526
node=ObjectIdentifier(0x0000007c1699fd80) type=SwiftUI.AccessibilityNode role=Optional(__C.NSAccessibilityRole(_rawValue: AXMenuButton))
identifier=ellipsis.circle title=Thread label=nil value=nil
enabled=Optional(true) frame=Optional((1122.0, 836.0, 30.0, 28.0)) window=1013 windowMatches=true
pressAllowed=Optional(true) showMenuAllowed=Optional(false) appRunning=true
Menu interaction at OpenClawIPCTests/AppStateIsolationTests.swift:526
action=accessibility-press result=Optional(true)
observed=true inspected=true dismissed=true error=nil
control=SwiftUI.AccessibilityNode owner=nil role=Optional(__C.NSAccessibilityRole(_rawValue: AXMenuButton)) appActive=true visible=true key=true
Before menu dispatch at OpenClawIPCTests/AppStateIsolationTests.swift:450
node=ObjectIdentifier(0x0000007c1637e100) type=SwiftUI.AccessibilityNode role=Optional(__C.NSAccessibilityRole(_rawValue: AXMenuButton))
identifier=chat-composer-inline-model title=Model label=nil value=profile
enabled=Optional(true) frame=Optional((948.0, 213.0, 160.0, 32.0)) window=1013 windowMatches=true
pressAllowed=Optional(true) showMenuAllowed=Optional(true) appRunning=true
Menu interaction at OpenClawIPCTests/AppStateIsolationTests.swift:450
action=accessibility-press result=Optional(true)
observed=true inspected=true dismissed=true error=nil
control=SwiftUI.AccessibilityNode owner=nil role=Optional(__C.NSAccessibilityRole(_rawValue: AXMenuButton)) appActive=true visible=true key=true
Before menu dispatch at OpenClawIPCTests/AppStateIsolationTests.swift:476
node=ObjectIdentifier(0x0000007c1637e100) type=SwiftUI.AccessibilityNode role=Optional(__C.NSAccessibilityRole(_rawValue: AXMenuButton))
identifier=chat-composer-inline-model title=Model label=nil value=fresh
enabled=Optional(true) frame=Optional((948.0, 213.0, 160.0, 32.0)) window=1013 windowMatches=true
pressAllowed=Optional(true) showMenuAllowed=Optional(true) appRunning=true
Menu interaction at OpenClawIPCTests/AppStateIsolationTests.swift:476
action=accessibility-press result=Optional(true)
observed=true inspected=true dismissed=true error=nil
control=SwiftUI.AccessibilityNode owner=nil role=Optional(__C.NSAccessibilityRole(_rawValue: AXMenuButton)) appActive=true visible=true key=true
Before menu dispatch at OpenClawIPCTests/AppStateIsolationTests.swift:495
node=ObjectIdentifier(0x0000007c1637c000) type=SwiftUI.AccessibilityNode role=Optional(__C.NSAccessibilityRole(_rawValue: AXMenuButton))
identifier=chat-composer-inline-model title=Model label=nil value=fresh
enabled=Optional(true) frame=Optional((948.0, 213.0, 160.0, 32.0)) window=1028 windowMatches=true
pressAllowed=Optional(true) showMenuAllowed=Optional(true) appRunning=true
Menu interaction at OpenClawIPCTests/AppStateIsolationTests.swift:495
action=accessibility-press result=Optional(true)
observed=true inspected=true dismissed=true error=nil
control=SwiftUI.AccessibilityNode owner=nil role=Optional(__C.NSAccessibilityRole(_rawValue: AXMenuButton)) appActive=true visible=true key=true
Before menu dispatch at OpenClawIPCTests/AppStateIsolationTests.swift:526
node=ObjectIdentifier(0x0000007c162ba640) type=SwiftUI.AccessibilityNode role=Optional(__C.NSAccessibilityRole(_rawValue: AXMenuButton))
identifier=ellipsis.circle title=Thread label=nil value=nil
enabled=Optional(true) frame=Optional((1122.0, 836.0, 30.0, 28.0)) window=1028 windowMatches=true
pressAllowed=Optional(true) showMenuAllowed=Optional(false) appRunning=true
Menu interaction at OpenClawIPCTests/AppStateIsolationTests.swift:526
action=accessibility-press result=Optional(true)
observed=true inspected=true dismissed=true error=nil
control=SwiftUI.AccessibilityNode owner=nil role=Optional(__C.NSAccessibilityRole(_rawValue: AXMenuButton)) appActive=true visible=true key=true
◇ Test case passing 1 argument scenario → "extended-stable" to "canonical receipt repair preserves wrapper authority through actual dispatch" started.
✔ Test "full chat preferences belong to named profile" passed after 12.201 seconds.
✔ Suite ProfileChatPreferencesTests passed after 12.201 seconds.
◇ Test case passing 1 argument scenario → "operator-wrapper" to "canonical receipt repair preserves wrapper authority through actual dispatch" started.
✔ Test "canonical receipt repair preserves wrapper authority through actual dispatch" with 10 test cases passed after 12.579 seconds.
✔ Test "preview constructor uses launch namespace and owned config" passed after 12.579 seconds.
✔ Suite AppStateIsolationTests passed after 12.579 seconds.
✔ Test run with 13 tests in 2 suites passed after 12.580 seconds.
warning: '--build-system native' has been deprecated and will be removed in a future release; please report an issue at https://github.com/swiftlang/swift-package-manager/issues if you are unable to adopt the default build system.
[macos-native] Synthetic menu capture artifacts: /Users/admin/proof/dashboard-run/runner-temp/openclaw-menu-named-WAbdxB
swift runtime: backtrace-on-crash is not supported for privileged executables.
