swift runtime: backtrace-on-crash is not supported for privileged executables.
swift runtime: backtrace-on-crash is not supported for privileged executables.
swift runtime: backtrace-on-crash is not supported for privileged executables.
swift runtime: backtrace-on-crash is not supported for privileged executables.
swift runtime: backtrace-on-crash is not supported for privileged executables.
swift runtime: backtrace-on-crash is not supported for privileged executables.
swift runtime: backtrace-on-crash is not supported for privileged executables.
swift runtime: backtrace-on-crash is not supported for privileged executables.
swift runtime: backtrace-on-crash is not supported for privileged executables.
warning: 'macos': swift runtime: backtrace-on-crash is not supported for privileged executables.
swift runtime: backtrace-on-crash is not supported for privileged executables.
swift runtime: backtrace-on-crash is not supported for privileged executables.
swift runtime: backtrace-on-crash is not supported for privileged executables.swift runtime: backtrace-on-crash is not supported for privileged executables.
warning: 'keyboardshortcuts': swift runtime: backtrace-on-crash is not supported for privileged executables.
swift runtime: backtrace-on-crash is not supported for privileged executables.
swift runtime: backtrace-on-crash is not supported for privileged executables.
swift runtime: backtrace-on-crash is not supported for privileged executables.swift runtime: backtrace-on-crash is not supported for privileged executables.
warning: 'swift-log': swift runtime: backtrace-on-crash is not supported for privileged executables.
swift runtime: backtrace-on-crash is not supported for privileged executables.
swift runtime: backtrace-on-crash is not supported for privileged executables.
swift runtime: backtrace-on-crash is not supported for privileged executables.swift runtime: backtrace-on-crash is not supported for privileged executables.
warning: 'peekaboo': swift runtime: backtrace-on-crash is not supported for privileged executables.
swift runtime: backtrace-on-crash is not supported for privileged executables.
swift runtime: backtrace-on-crash is not supported for privileged executables.
swift runtime: backtrace-on-crash is not supported for privileged executables.swift runtime: backtrace-on-crash is not supported for privileged executables.
warning: 'swift-concurrency-extras': swift runtime: backtrace-on-crash is not supported for privileged executables.
swift runtime: backtrace-on-crash is not supported for privileged executables.
swift runtime: backtrace-on-crash is not supported for privileged executables.
swift runtime: backtrace-on-crash is not supported for privileged executables.swift runtime: backtrace-on-crash is not supported for privileged executables.
warning: 'openclawmlxttsprotocol': swift runtime: backtrace-on-crash is not supported for privileged executables.
swift runtime: backtrace-on-crash is not supported for privileged executables.
swift runtime: backtrace-on-crash is not supported for privileged executables.
swift runtime: backtrace-on-crash is not supported for privileged executables.swift runtime: backtrace-on-crash is not supported for privileged executables.
warning: 'swift-subprocess': swift runtime: backtrace-on-crash is not supported for privileged executables.
swift runtime: backtrace-on-crash is not supported for privileged executables.
swift runtime: backtrace-on-crash is not supported for privileged executables.
swift runtime: backtrace-on-crash is not supported for privileged executables.swift runtime: backtrace-on-crash is not supported for privileged executables.
warning: 'openclawkit': swift runtime: backtrace-on-crash is not supported for privileged executables.
swift runtime: backtrace-on-crash is not supported for privileged executables.
swift runtime: backtrace-on-crash is not supported for privileged executables.
swift runtime: backtrace-on-crash is not supported for privileged executables.swift runtime: backtrace-on-crash is not supported for privileged executables.
warning: 'swabble': swift runtime: backtrace-on-crash is not supported for privileged executables.
swift runtime: backtrace-on-crash is not supported for privileged executables.
swift runtime: backtrace-on-crash is not supported for privileged executables.
swift runtime: backtrace-on-crash is not supported for privileged executables.swift runtime: backtrace-on-crash is not supported for privileged executables.
warning: 'sparkle': swift runtime: backtrace-on-crash is not supported for privileged executables.
swift runtime: backtrace-on-crash is not supported for privileged executables.
swift runtime: backtrace-on-crash is not supported for privileged executables.
swift runtime: backtrace-on-crash is not supported for privileged executables.swift runtime: backtrace-on-crash is not supported for privileged executables.
warning: 'commander': swift runtime: backtrace-on-crash is not supported for privileged executables.
swift runtime: backtrace-on-crash is not supported for privileged executables.
swift runtime: backtrace-on-crash is not supported for privileged executables.
swift runtime: backtrace-on-crash is not supported for privileged executables.swift runtime: backtrace-on-crash is not supported for privileged executables.
warning: 'swift-markdown': swift runtime: backtrace-on-crash is not supported for privileged executables.
swift runtime: backtrace-on-crash is not supported for privileged executables.
swift runtime: backtrace-on-crash is not supported for privileged executables.
swift runtime: backtrace-on-crash is not supported for privileged executables.swift runtime: backtrace-on-crash is not supported for privileged executables.
warning: 'swiftmath': swift runtime: backtrace-on-crash is not supported for privileged executables.
swift runtime: backtrace-on-crash is not supported for privileged executables.
swift runtime: backtrace-on-crash is not supported for privileged executables.
swift runtime: backtrace-on-crash is not supported for privileged executables.swift runtime: backtrace-on-crash is not supported for privileged executables.
warning: 'elevenlabskit': swift runtime: backtrace-on-crash is not supported for privileged executables.
swift runtime: backtrace-on-crash is not supported for privileged executables.
swift runtime: backtrace-on-crash is not supported for privileged executables.
swift runtime: backtrace-on-crash is not supported for privileged executables.swift runtime: backtrace-on-crash is not supported for privileged executables.
warning: 'grdb.swift': swift runtime: backtrace-on-crash is not supported for privileged executables.
swift runtime: backtrace-on-crash is not supported for privileged executables.
swift runtime: backtrace-on-crash is not supported for privileged executables.
swift runtime: backtrace-on-crash is not supported for privileged executables.swift runtime: backtrace-on-crash is not supported for privileged executables.
warning: 'swift-cmark': swift runtime: backtrace-on-crash is not supported for privileged executables.
swift runtime: backtrace-on-crash is not supported for privileged executables.
swift runtime: backtrace-on-crash is not supported for privileged executables.
swift runtime: backtrace-on-crash is not supported for privileged executables.swift runtime: backtrace-on-crash is not supported for privileged executables.
warning: 'swift-algorithms': swift runtime: backtrace-on-crash is not supported for privileged executables.
swift runtime: backtrace-on-crash is not supported for privileged executables.
swift runtime: backtrace-on-crash is not supported for privileged executables.
swift runtime: backtrace-on-crash is not supported for privileged executables.swift runtime: backtrace-on-crash is not supported for privileged executables.
warning: 'axorcist': swift runtime: backtrace-on-crash is not supported for privileged executables.
swift runtime: backtrace-on-crash is not supported for privileged executables.
swift runtime: backtrace-on-crash is not supported for privileged executables.
swift runtime: backtrace-on-crash is not supported for privileged executables.swift runtime: backtrace-on-crash is not supported for privileged executables.
warning: 'swift-numerics': swift runtime: backtrace-on-crash is not supported for privileged executables.
swift runtime: backtrace-on-crash is not supported for privileged executables.
swift runtime: backtrace-on-crash is not supported for privileged executables.
swift runtime: backtrace-on-crash is not supported for privileged executables.swift runtime: backtrace-on-crash is not supported for privileged executables.
warning: 'swift-system': swift runtime: backtrace-on-crash is not supported for privileged executables.
swift runtime: backtrace-on-crash is not supported for privileged executables.
swift runtime: backtrace-on-crash is not supported for privileged executables.
swift runtime: backtrace-on-crash is not supported for privileged executables.swift runtime: backtrace-on-crash is not supported for privileged executables.
[0/1] Planning build
◇ Test run started.
↳ Testing Library Version: 2084
↳ Target Platform: arm64e-apple-macos14.0
◇ Suite DashboardAttachmentDownloadTests started.
◇ Suite DashboardNativeBrowserContractTests started.
◇ Suite DashboardBrowserDownloadTests started.
◇ Suite DashboardNativeBrowserHostTests started.
◇ Test "a file created during transfer is not approved for overwrite" started.
◇ Test "failed download keeps the previous file and discards partial bytes" started.
◇ Test "non-displayable responses require an activated main frame to open externally" started.
◇ Test "reading browser navigation reserves auxiliary schemes for subframes" started.
◇ Test "requests preserve tab and presentation identities without coercion" started.
◇ Test "completed download saves all bytes for a new or replaced file" started.
◇ Test "favicon results accept only bounded image data URLs" started.
◇ Test "presentation rectangles reject nonfinite values and invalid dimensions" started.
◇ Test "legacy tab state omits session identity while shell tabs preserve the empty key" started.
◇ Test "released UI open requests without session identity retain the window scope" started.
◇ Test "state uses the web contract keys and preserves creation order and opener provenance" started.
◇ Test "navigation messages admit only reading surface URLs" started.
◇ Test "open requests preserve valid session identities and reject malformed values" started.
◇ Test "new windows route HTTP reading links and ignore blank popups" started.
◇ Test "CSS rectangles flip vertically and clip to the dashboard frame" started.
◇ Test "adopted WebKit downloads reject HTTP error bodies before offering Save" started.
◇ Test "response conversion recognizes attachment disposition without downloading ordinary pages" started.
◇ Test "Dashboard attachment anchor saves original bytes without replacing its document" started.
◇ Test "attachment admission requires a trusted main-frame source and a supported destination" started.
◇ Test "navigation clears only the navigating tab's favicon from state" started.
◇ Test case passing 1 argument replacing → false to "completed download saves all bytes for a new or replaced file" started.
◇ Test case passing 1 argument replacing → true to "completed download saves all bytes for a new or replaced file" started.
✔ Test "non-displayable responses require an activated main frame to open externally" passed after 0.001 seconds.
✔ Test "legacy tab state omits session identity while shell tabs preserve the empty key" passed after 0.001 seconds.
✔ Test "reading browser navigation reserves auxiliary schemes for subframes" passed after 0.001 seconds.
✔ Test "released UI open requests without session identity retain the window scope" passed after 0.001 seconds.
✔ Test "presentation rectangles reject nonfinite values and invalid dimensions" passed after 0.002 seconds.
✔ Test "requests preserve tab and presentation identities without coercion" passed after 0.002 seconds.
✔ Test "state uses the web contract keys and preserves creation order and opener provenance" passed after 0.002 seconds.
✔ Test "CSS rectangles flip vertically and clip to the dashboard frame" passed after 0.002 seconds.
✔ Test "navigation messages admit only reading surface URLs" passed after 0.002 seconds.
✔ Test "new windows route HTTP reading links and ignore blank popups" passed after 0.002 seconds.
✔ Test "open requests preserve valid session identities and reject malformed values" passed after 0.002 seconds.
✔ Test "favicon results accept only bounded image data URLs" passed after 0.007 seconds.
✔ Suite DashboardNativeBrowserContractTests passed after 0.008 seconds.
✔ Test "failed download keeps the previous file and discards partial bytes" passed after 0.026 seconds.
✔ Test "a file created during transfer is not approved for overwrite" passed after 0.026 seconds.
✔ Test "completed download saves all bytes for a new or replaced file" with 2 test cases passed after 0.026 seconds.
✔ Suite DashboardBrowserDownloadTests passed after 0.027 seconds.
✔ Test "response conversion recognizes attachment disposition without downloading ordinary pages" passed after 0.068 seconds.
✔ Test "attachment admission requires a trusted main-frame source and a supported destination" passed after 0.361 seconds.
✔ Test "navigation clears only the navigating tab's favicon from state" passed after 0.363 seconds.
◇ Test "releasing a presentation keeps window tabs alive and closing removes only its tab" started.
✔ Test "releasing a presentation keeps window tabs alive and closing removes only its tab" passed after 0.163 seconds.
◇ Test "most recent scope wins and releasing it restores the surviving presentation" started.
sandbox_extension_issue_file failed for : 2 (No such file or directory)
✔ Test "most recent scope wins and releasing it restores the surviving presentation" passed after 0.088 seconds.
◇ Test "page opened tabs publish native provenance and the opener identity" started.
sandbox_extension_issue_file failed for : 2 (No such file or directory)
✔ Test "page opened tabs publish native provenance and the opener identity" passed after 0.126 seconds.
◇ Test "opening a reading link reuses its current URL or retained requested alias" started.
2026-10-05 15:31:09.985 swiftpm-testing-helper[32536:133666] No Assistant asset for language en-US
sandbox_extension_issue_file failed for : 2 (No such file or directory)
✔ Test "opening a reading link reuses its current URL or retained requested alias" passed after 0.304 seconds.
◇ Test "reading links and their redirect aliases are reused only within their session" started.
✔ Test "adopted WebKit downloads reject HTTP error bodies before offering Save" passed after 1.049 seconds.
✔ Test "reading links and their redirect aliases are reused only within their session" passed after 0.220 seconds.
◇ Test "legacy ownership survives reuse and popups without becoming the empty shell scope" started.
✔ Test "legacy ownership survives reuse and popups without becoming the empty shell scope" passed after 0.197 seconds.
◇ Test "requested alias survives the initial redirect chain and retires on later navigation" started.
2026-10-05 15:31:10.636 swiftpm-testing-helper[32536:133666] No Assistant asset for language en-US
✔ Test "requested alias survives the initial redirect chain and retires on later navigation" passed after 0.047 seconds.
◇ Test "requested alias retires when the original page is no longer reusable" started.
◇ Test case passing 1 argument transition → "replacement" to "requested alias retires when the original page is no longer reusable" started.
◇ Test case passing 1 argument transition → "failure" to "requested alias retires when the original page is no longer reusable" started.
◇ Test case passing 1 argument transition → "same-document" to "requested alias retires when the original page is no longer reusable" started.
2026-10-05 15:31:10.725 swiftpm-testing-helper[32536:133666] No Assistant asset for language en-US
✔ Test "requested alias retires when the original page is no longer reusable" with 3 test cases passed after 0.058 seconds.
◇ Test "state pushes coalesce in the same main runloop turn" started.
✔ Test "state pushes coalesce in the same main runloop turn" passed after 0.007 seconds.
✔ Suite DashboardNativeBrowserHostTests passed after 1.579 seconds.
sandbox_extension_issue_file failed for : 2 (No such file or directory)
2026-10-05 15:31:11.932 swiftpm-testing-helper[32536:133666] No Assistant asset for language en-US
✔ Test "Dashboard attachment anchor saves original bytes without replacing its document" passed after 2.773 seconds.
✔ Suite DashboardAttachmentDownloadTests passed after 2.774 seconds.
✔ Test run with 29 tests in 4 suites passed after 2.774 seconds.
warning: '--build-system native' has been deprecated and will be removed in a future release; please report an issue at https://github.com/swiftlang/swift-package-manager/issues if you are unable to adopt the default build system.
[macos-native] Synthetic menu capture artifacts: /Users/admin/proof/dashboard-run/runner-temp/openclaw-menu-default-1I4h5W
swift runtime: backtrace-on-crash is not supported for privileged executables.
